[    0.000000] Initializing cgroup subsys cpuset
[    0.000000] Initializing cgroup subsys cpu
[    0.000000] Initializing cgroup subsys cpuacct
[    0.000000] Linux version 4.4.0-165-generic (buildd@lgw01-amd64-027) (gcc version 5.4.0 20160609 (Ubuntu 5.4.0-6ubuntu1~16.04.10) ) #193-Ubuntu SMP Tue Sep 17 17:42:52 UTC 2019 (Ubuntu 4.4.0-165.193-generic 4.4.189)
[    0.000000] Command line: BOOT_IMAGE=/boot/vmlinuz-4.4.0-165-generic root=LABEL=cloudimg-rootfs ro console=tty1 console=ttyS0
[    0.000000] KERNEL supported cpus:
[    0.000000]   Intel GenuineIntel
[    0.000000]   AMD AuthenticAMD
[    0.000000]   Centaur CentaurHauls
[    0.000000] x86/fpu: xstate_offset[2]:  576, xstate_sizes[2]:  256
[    0.000000] x86/fpu: Supporting XSAVE feature 0x01: 'x87 floating point registers'
[    0.000000] x86/fpu: Supporting XSAVE feature 0x02: 'SSE registers'
[    0.000000] x86/fpu: Supporting XSAVE feature 0x04: 'AVX registers'
[    0.000000] x86/fpu: Enabled xstate features 0x7, context size is 832 bytes, using 'standard' format.
[    0.000000] e820: BIOS-provided physical RAM map:
[    0.000000] BIOS-e820: [mem 0x0000000000000000-0x000000000009fbff] usable
[    0.000000] BIOS-e820: [mem 0x000000000009fc00-0x000000000009ffff] reserved
[    0.000000] BIOS-e820: [mem 0x00000000000f0000-0x00000000000fffff] reserved
[    0.000000] BIOS-e820: [mem 0x0000000000100000-0x000000003ffeffff] usable
[    0.000000] BIOS-e820: [mem 0x000000003fff0000-0x000000003fffffff] ACPI data
[    0.000000] BIOS-e820: [mem 0x00000000fec00000-0x00000000fec00fff] reserved
[    0.000000] BIOS-e820: [mem 0x00000000fee00000-0x00000000fee00fff] reserved
[    0.000000] BIOS-e820: [mem 0x00000000fffc0000-0x00000000ffffffff] reserved
[    0.000000] NX (Execute Disable) protection: active
[    0.000000] SMBIOS 2.5 present.
[    0.000000] Hypervisor detected: KVM
[    0.000000] Kernel/User page tables isolation: disabled
[    0.000000] e820: last_pfn = 0x3fff0 max_arch_pfn = 0x400000000
[    0.000000] MTRR: Disabled
[    0.000000] x86/PAT: MTRRs disabled, skipping PAT initialization too.
[    0.000000] CPU MTRRs all blank - virtualized system.
[    0.000000] x86/PAT: Configuration [0-7]: WB  WT  UC- UC  WB  WT  UC- UC  
[    0.000000] found SMP MP-table at [mem 0x0009fff0-0x0009ffff] mapped at [ffff88000009fff0]
[    0.000000] Scanning 1 areas for low memory corruption
[    0.000000] RAMDISK: [mem 0x362fa000-0x37174fff]
[    0.000000] ACPI: Early table checksum verification disabled
[    0.000000] ACPI: RSDP 0x00000000000E0000 000024 (v02 VBOX  )
[    0.000000] ACPI: XSDT 0x000000003FFF0030 00003C (v01 VBOX   VBOXXSDT 00000001 ASL  00000061)
[    0.000000] ACPI: FACP 0x000000003FFF00F0 0000F4 (v04 VBOX   VBOXFACP 00000001 ASL  00000061)
[    0.000000] ACPI: DSDT 0x000000003FFF0470 0022EA (v02 VBOX   VBOXBIOS 00000002 INTL 20100528)
[    0.000000] ACPI: FACS 0x000000003FFF0200 000040
[    0.000000] ACPI: FACS 0x000000003FFF0200 000040
[    0.000000] ACPI: APIC 0x000000003FFF0240 00005C (v02 VBOX   VBOXAPIC 00000001 ASL  00000061)
[    0.000000] ACPI: SSDT 0x000000003FFF02A0 0001CC (v01 VBOX   VBOXCPUT 00000002 INTL 20100528)
[    0.000000] No NUMA configuration found
[    0.000000] Faking a node at [mem 0x0000000000000000-0x000000003ffeffff]
[    0.000000] NODE_DATA(0) allocated [mem 0x3ffeb000-0x3ffeffff]
[    0.000000] kvm-clock: Using msrs 4b564d01 and 4b564d00
[    0.000000] kvm-clock: cpu 0, msr 0:3ffe3001, primary cpu clock
[    0.000000] kvm-clock: using sched offset of 4004838021 cycles
[    0.000000] clocksource: kvm-clock: mask: 0xffffffffffffffff max_cycles: 0x1cd42e4dffb, max_idle_ns: 881590591483 ns
[    0.000000] Zone ranges:
[    0.000000]   DMA      [mem 0x0000000000001000-0x0000000000ffffff]
[    0.000000]   DMA32    [mem 0x0000000001000000-0x000000003ffeffff]
[    0.000000]   Normal   empty
[    0.000000]   Device   empty
[    0.000000] Movable zone start for each node
[    0.000000] Early memory node ranges
[    0.000000]   node   0: [mem 0x0000000000001000-0x000000000009efff]
[    0.000000]   node   0: [mem 0x0000000000100000-0x000000003ffeffff]
[    0.000000] Initmem setup node 0 [mem 0x0000000000001000-0x000000003ffeffff]
[    0.000000] ACPI: PM-Timer IO Port: 0x4008
[    0.000000] IOAPIC[0]: apic_id 2, version 32, address 0xfec00000, GSI 0-23
[    0.000000] ACPI: INT_SRC_OVR (bus 0 bus_irq 0 global_irq 2 dfl dfl)
[    0.000000] ACPI: INT_SRC_OVR (bus 0 bus_irq 9 global_irq 9 low level)
[    0.000000] Using ACPI (MADT) for SMP configuration information
[    0.000000] smpboot: Allowing 2 CPUs, 0 hotplug CPUs
[    0.000000] PM: Registered nosave memory: [mem 0x00000000-0x00000fff]
[    0.000000] PM: Registered nosave memory: [mem 0x0009f000-0x0009ffff]
[    0.000000] PM: Registered nosave memory: [mem 0x000a0000-0x000effff]
[    0.000000] PM: Registered nosave memory: [mem 0x000f0000-0x000fffff]
[    0.000000] e820: [mem 0x40000000-0xfebfffff] available for PCI devices
[    0.000000] Booting paravirtualized kernel on KVM
[    0.000000] clocksource: refined-jiffies: mask: 0xffffffff max_cycles: 0xffffffff, max_idle_ns: 7645519600211568 ns
[    0.000000] setup_percpu: NR_CPUS:512 nr_cpumask_bits:512 nr_cpu_ids:2 nr_node_ids:1
[    0.000000] PERCPU: Embedded 34 pages/cpu @ffff88003fc00000 s99544 r8192 d31528 u1048576
[    0.000000] Built 1 zonelists in Node order, mobility grouping on.  Total pages: 257912
[    0.000000] Policy zone: DMA32
[    0.000000] Kernel command line: BOOT_IMAGE=/boot/vmlinuz-4.4.0-165-generic root=LABEL=cloudimg-rootfs ro console=tty1 console=ttyS0
[    0.000000] PID hash table entries: 4096 (order: 3, 32768 bytes)
[    0.000000] Memory: 997732K/1048120K available (8621K kernel code, 1335K rwdata, 4032K rodata, 1484K init, 1284K bss, 50388K reserved, 0K cma-reserved)
[    0.000000] SLUB: HWalign=64, Order=0-3, MinObjects=0, CPUs=2, Nodes=1
[    0.000000] Hierarchical RCU implementation.
[    0.000000] 	Build-time adjustment of leaf fanout to 64.
[    0.000000] 	RCU restricting CPUs from NR_CPUS=512 to nr_cpu_ids=2.
[    0.000000] RCU: Adjusting geometry for rcu_fanout_leaf=64, nr_cpu_ids=2
[    0.000000] NR_IRQS:33024 nr_irqs:440 16
[    0.000000] Console: colour VGA+ 80x25
[    0.000000] console [tty1] enabled
[    0.000000] console [ttyS0] enabled
[    0.000000] tsc: Detected 1992.002 MHz processor
[    0.237766] Calibrating delay loop (skipped) preset value.. 3984.00 BogoMIPS (lpj=7968008)
[    0.239207] pid_max: default: 32768 minimum: 301
[    0.240054] ACPI: Core revision 20150930
[    0.241671] ACPI: 2 ACPI AML tables successfully acquired and loaded
[    0.242866] Security Framework initialized
[    0.243513] Yama: becoming mindful.
[    0.244107] AppArmor: AppArmor initialized
[    0.244852] Dentry cache hash table entries: 131072 (order: 8, 1048576 bytes)
[    0.246023] Inode-cache hash table entries: 65536 (order: 7, 524288 bytes)
[    0.248317] Mount-cache hash table entries: 2048 (order: 2, 16384 bytes)
[    0.249401] Mountpoint-cache hash table entries: 2048 (order: 2, 16384 bytes)
[    0.250619] Initializing cgroup subsys io
[    0.251312] Initializing cgroup subsys memory
[    0.252050] Initializing cgroup subsys devices
[    0.252731] Initializing cgroup subsys freezer
[    0.253427] Initializing cgroup subsys net_cls
[    0.254105] Initializing cgroup subsys perf_event
[    0.254860] Initializing cgroup subsys net_prio
[    0.255589] Initializing cgroup subsys hugetlb
[    0.256351] Initializing cgroup subsys pids
[    0.258098] mce: CPU supports 0 MCE banks
[    0.258771] Last level iTLB entries: 4KB 64, 2MB 8, 4MB 8
[    0.259615] Last level dTLB entries: 4KB 64, 2MB 0, 4MB 0, 1GB 4
[    0.260888] Spectre V1 : Mitigation: usercopy/swapgs barriers and __user pointer sanitization
[    0.262515] Spectre V2 : Mitigation: Enhanced IBRS
[    0.263312] Spectre V2 : Spectre v2 / SpectreRSB mitigation: Filling RSB on context switch
[    0.264492] Speculative Store Bypass: Vulnerable
[    0.268838] Freeing SMP alternatives memory: 36K
[    0.280560] ftrace: allocating 32318 entries in 127 pages
[    0.364980] smpboot: APIC(0) Converting physical 0 to logical package 0
[    0.366415] smpboot: Max logical packages: 1
[    0.367419] x2apic enabled
[    0.368315] Switched APIC routing to physical x2apic.
[    0.370195] ..TIMER: vector=0x30 apic1=0 pin1=2 apic2=-1 pin2=-1
[    0.478322] smpboot: CPU0: Intel(R) Core(TM) i7-8565U CPU @ 1.80GHz (family: 0x6, model: 0x8e, stepping: 0xc)
[    0.482520] Performance Events: unsupported p6 CPU model 142 no PMU driver, software events only.
[    0.502055] KVM setup paravirtual spinlock
[    0.504944] x86: Booting SMP configuration:
[    0.506671] .... node  #0, CPUs:      #1
[    0.508549] kvm-clock: cpu 1, msr 0:3ffe3041, secondary cpu clock
[    0.514124] mce: CPU supports 0 MCE banks
[    0.517174] x86: Booted up 1 node, 2 CPUs
[    0.519299] smpboot: Total of 2 processors activated (7968.00 BogoMIPS)
[    0.522590] devtmpfs: initialized
[    0.528672] evm: security.selinux
[    0.529871] evm: security.SMACK64
[    0.531231] evm: security.SMACK64EXEC
[    0.532777] evm: security.SMACK64TRANSMUTE
[    0.534247] evm: security.SMACK64MMAP
[    0.535782] evm: security.ima
[    0.537118] evm: security.capability
[    0.539164] clocksource: jiffies: mask: 0xffffffff max_cycles: 0xffffffff, max_idle_ns: 7645041785100000 ns
[    0.542910] futex hash table entries: 512 (order: 3, 32768 bytes)
[    0.545474] pinctrl core: initialized pinctrl subsystem
[    0.547614] RTC time: 13:01:59, date: 10/09/19
[    0.551225] NET: Registered protocol family 16
[    0.563367] cpuidle: using governor ladder
[    0.575232] cpuidle: using governor menu
[    0.577054] PCCT header not found.
[    0.578747] ACPI: bus type PCI registered
[    0.580371] acpiphp: ACPI Hot Plug PCI Controller Driver version: 0.5
[    0.585189] PCI: Using configuration type 1 for base access
[    0.600482] ACPI: Added _OSI(Module Device)
[    0.602333] ACPI: Added _OSI(Processor Device)
[    0.604142] ACPI: Added _OSI(3.0 _SCP Extensions)
[    0.606045] ACPI: Added _OSI(Processor Aggregator Device)
[    0.609410] ACPI: Executed 1 blocks of module-level executable AML code
[    0.615899] ACPI: Interpreter enabled
[    0.617594] ACPI: (supports S0 S5)
[    0.619180] ACPI: Using IOAPIC for interrupt routing
[    0.621512] PCI: Using host bridge windows from ACPI; if necessary, use "pci=nocrs" and report a bug
[    0.631767] ACPI: PCI Root Bridge [PCI0] (domain 0000 [bus 00-ff])
[    0.634176] acpi PNP0A03:00: _OSC: OS supports [ASPM ClockPM Segments MSI]
[    0.637194] acpi PNP0A03:00: _OSC: not requesting OS control; OS requires [ExtendedConfig ASPM ClockPM MSI]
[    0.641133] acpi PNP0A03:00: fail to add MMCONFIG information, can't access extended PCI configuration space under this bridge.
[    0.646182] PCI host bridge to bus 0000:00
[    0.647920] pci_bus 0000:00: root bus resource [io  0x0000-0x0cf7 window]
[    0.650297] pci_bus 0000:00: root bus resource [io  0x0d00-0xffff window]
[    0.652796] pci_bus 0000:00: root bus resource [mem 0x000a0000-0x000bffff window]
[    0.656102] pci_bus 0000:00: root bus resource [mem 0x40000000-0xfdffffff window]
[    0.659242] pci_bus 0000:00: root bus resource [bus 00-ff]
[    0.664452] pci 0000:00:01.1: legacy IDE quirk: reg 0x10: [io  0x01f0-0x01f7]
[    0.667080] pci 0000:00:01.1: legacy IDE quirk: reg 0x14: [io  0x03f6]
[    0.669425] pci 0000:00:01.1: legacy IDE quirk: reg 0x18: [io  0x0170-0x0177]
[    0.672092] pci 0000:00:01.1: legacy IDE quirk: reg 0x1c: [io  0x0376]
[    0.697974] pci 0000:00:07.0: quirk: [io  0x4000-0x403f] claimed by PIIX4 ACPI
[    0.721104] pci 0000:00:07.0: quirk: [io  0x4100-0x410f] claimed by PIIX4 SMB
[    0.738288] ACPI: PCI Interrupt Link [LNKA] (IRQs 5 9 10 *11)
[    0.741804] ACPI: PCI Interrupt Link [LNKB] (IRQs 5 9 *10 11)
[    0.745130] ACPI: PCI Interrupt Link [LNKC] (IRQs 5 *9 10 11)
[    0.748432] ACPI: PCI Interrupt Link [LNKD] (IRQs 5 9 10 *11)
[    0.751775] ACPI: Enabled 2 GPEs in block 00 to 07
[    0.754359] vgaarb: setting as boot device: PCI:0000:00:02.0
[    0.756429] vgaarb: device added: PCI:0000:00:02.0,decodes=io+mem,owns=io+mem,locks=none
[    0.759726] vgaarb: loaded
[    0.761011] vgaarb: bridge control possible 0000:00:02.0
[    0.763544] SCSI subsystem initialized
[    0.765391] ACPI: bus type USB registered
[    0.767116] usbcore: registered new interface driver usbfs
[    0.769143] usbcore: registered new interface driver hub
[    0.771294] usbcore: registered new device driver usb
[    0.773611] PCI: Using ACPI for IRQ routing
[    0.775872] NetLabel: Initializing
[    0.777393] NetLabel:  domain hash size = 128
[    0.779341] NetLabel:  protocols = UNLABELED CIPSOv4
[    0.781248] NetLabel:  unlabeled traffic allowed by default
[    0.783721] amd_nb: Cannot enumerate AMD northbridges
[    0.785251] clocksource: Switched to clocksource kvm-clock
[    0.798039] AppArmor: AppArmor Filesystem Enabled
[    0.800023] pnp: PnP ACPI init
[    0.802869] pnp: PnP ACPI: found 3 devices
[    0.815463] clocksource: acpi_pm: mask: 0xffffff max_cycles: 0xffffff, max_idle_ns: 2085701024 ns
[    0.819509] NET: Registered protocol family 2
[    0.821484] TCP established hash table entries: 8192 (order: 4, 65536 bytes)
[    0.824006] TCP bind hash table entries: 8192 (order: 5, 131072 bytes)
[    0.826411] TCP: Hash tables configured (established 8192 bind 8192)
[    0.828723] UDP hash table entries: 512 (order: 2, 16384 bytes)
[    0.830889] UDP-Lite hash table entries: 512 (order: 2, 16384 bytes)
[    0.833164] NET: Registered protocol family 1
[    0.834940] pci 0000:00:00.0: Limiting direct PCI/PCI transfers
[    0.837095] pci 0000:00:01.0: Activating ISA DMA hang workarounds
[    0.840575] Unpacking initramfs...
[    1.309336] Freeing initrd memory: 14828K
[    1.311251] clocksource: tsc: mask: 0xffffffffffffffff max_cycles: 0x396d566cf43, max_idle_ns: 881590760263 ns
[    1.315179] platform rtc_cmos: registered platform RTC device (no PNP device found)
[    1.318297] Scanning for low memory corruption every 60 seconds
[    1.321332] audit: initializing netlink subsys (disabled)
[    1.323412] audit: type=2000 audit(1570626125.683:1): initialized
[    1.326177] Initialise system trusted keyring
[    1.328296] HugeTLB registered 2 MB page size, pre-allocated 0 pages
[    1.333076] zbud: loaded
[    1.334860] VFS: Disk quotas dquot_6.6.0
[    1.336566] VFS: Dquot-cache hash table entries: 512 (order 0, 4096 bytes)
[    1.339542] squashfs: version 4.0 (2009/01/31) Phillip Lougher
[    1.342288] fuse init (API version 7.23)
[    1.344218] Key type big_key registered
[    1.345836] Allocating IMA MOK and blacklist keyrings.
[    1.352144] Key type asymmetric registered
[    1.354327] Asymmetric key parser 'x509' registered
[    1.356260] Block layer SCSI generic (bsg) driver version 0.4 loaded (major 249)
[    1.359492] io scheduler noop registered
[    1.361158] io scheduler deadline registered (default)
[    1.363223] io scheduler cfq registered
[    1.364936] pci_hotplug: PCI Hot Plug PCI Core version: 0.5
[    1.367165] pciehp: PCI Express Hot Plug Controller Driver version: 0.4
[    1.369791] ACPI: AC Adapter [AC] (off-line)
[    1.371677] input: Power Button as /devices/LNXSYSTM:00/LNXPWRBN:00/input/input0
[    1.374633] ACPI: Power Button [PWRF]
[    1.376272] input: Sleep Button as /devices/LNXSYSTM:00/LNXSLPBN:00/input/input1
[    1.379359] ACPI: Sleep Button [SLPF]
[    1.381417] GHES: HEST is not enabled!
[    1.382592] ACPI: Battery Slot [BAT0] (battery present)
[    1.385284] Serial: 8250/16550 driver, 32 ports, IRQ sharing enabled
[    1.408700] 00:02: ttyS0 at I/O 0x3f8 (irq = 4, base_baud = 115200) is a 16550A
[    1.417672] Linux agpgart interface v0.103
[    1.423146] loop: module loaded
[    1.425835] scsi host0: ata_piix
[    1.427210] scsi host1: ata_piix
[    1.428555] ata1: PATA max UDMA/33 cmd 0x1f0 ctl 0x3f6 bmdma 0xd000 irq 14
[    1.431030] ata2: PATA max UDMA/33 cmd 0x170 ctl 0x376 bmdma 0xd008 irq 15
[    1.432795] libphy: Fixed MDIO Bus: probed
[    1.433554] tun: Universal TUN/TAP device driver, 1.6
[    1.434579] tun: (C) 1999-2004 Max Krasnyansky <maxk@qualcomm.com>
[    1.435659] PPP generic driver version 2.4.2
[    1.436533] ehci_hcd: USB 2.0 'Enhanced' Host Controller (EHCI) Driver
[    1.437633] ehci-pci: EHCI PCI platform driver
[    1.438356] ehci-platform: EHCI generic platform driver
[    1.439218] ohci_hcd: USB 1.1 'Open' Host Controller (OHCI) Driver
[    1.440179] ohci-pci: OHCI PCI platform driver
[    1.441057] ohci-platform: OHCI generic platform driver
[    1.442036] uhci_hcd: USB Universal Host Controller Interface driver
[    1.443316] i8042: PNP: PS/2 Controller [PNP0303:PS2K,PNP0f03:PS2M] at 0x60,0x64 irq 1,12
[    1.445190] serio: i8042 KBD port at 0x60,0x64 irq 1
[    1.445984] serio: i8042 AUX port at 0x60,0x64 irq 12
[    1.446877] mousedev: PS/2 mouse device common for all mice
[    1.447905] input: AT Translated Set 2 keyboard as /devices/platform/i8042/serio0/input/input2
[    1.449624] rtc_cmos rtc_cmos: rtc core: registered rtc_cmos as rtc0
[    1.450580] rtc_cmos rtc_cmos: alarms up to one day, 114 bytes nvram
[    1.451676] i2c /dev entries driver
[    1.452429] device-mapper: uevent: version 1.0.3
[    1.453351] device-mapper: ioctl: 4.34.0-ioctl (2015-10-28) initialised: dm-devel@redhat.com
[    1.454681] ledtrig-cpu: registered to indicate activity on CPUs
[    1.456060] NET: Registered protocol family 10
[    1.456940] NET: Registered protocol family 17
[    1.457710] Key type dns_resolver registered
[    1.459642] registered taskstats version 1
[    1.460797] Loading compiled-in X.509 certificates
[    1.462709] Loaded X.509 cert 'Build time autogenerated kernel key: 0ed82eac04367aa6426493b1389455ebf6830eaa'
[    1.464580] zswap: loaded using pool lzo/zbud
[    1.467539] Key type trusted registered
[    1.473298] Key type encrypted registered
[    1.474122] AppArmor: AppArmor sha1 policy hashing enabled
[    1.475223] ima: No TPM chip found, activating TPM-bypass!
[    1.476236] ima: Allocated hash algorithm: sha1
[    1.476955] evm: HMAC attrs: 0x1
[    1.478283]   Magic number: 7:41:28
[    1.479168] rtc_cmos rtc_cmos: setting system clock to 2019-10-09 13:02:00 UTC (1570626120)
[    1.480706] BIOS EDD facility v0.16 2004-Jun-25, 0 devices found
[    1.481943] EDD information not available.
[    1.594408] Freeing unused kernel memory: 1484K
[    1.597283] Write protecting the kernel read-only data: 14336k
[    1.602623] Freeing unused kernel memory: 1608K
[    1.606273] Freeing unused kernel memory: 64K
Loading, please wait...
starting version 229
[    1.644310] random: systemd-udevd: uninitialized urandom read (16 bytes read, 3 bits of entropy available)
[    1.645148] random: udevadm: uninitialized urandom read (16 bytes read, 3 bits of entropy available)
[    1.645178] random: udevadm: uninitialized urandom read (16 bytes read, 3 bits of entropy available)
[    1.654989] random: systemd-udevd: uninitialized urandom read (16 bytes read, 3 bits of entropy available)
[    1.656374] random: udevadm: uninitialized urandom read (16 bytes read, 3 bits of entropy available)
[    1.656433] random: udevadm: uninitialized urandom read (16 bytes read, 3 bits of entropy available)
[    1.656706] random: udevadm: uninitialized urandom read (16 bytes read, 3 bits of entropy available)
[    1.656776] random: udevadm: uninitialized urandom read (16 bytes read, 3 bits of entropy available)
[    1.656843] random: udevadm: uninitialized urandom read (16 bytes read, 3 bits of entropy available)
[    1.656909] random: udevadm: uninitialized urandom read (16 bytes read, 3 bits of entropy available)
[    1.721534] e1000: Intel(R) PRO/1000 Network Driver - version 7.3.21-k8-NAPI
[    1.723944] e1000: Copyright (c) 1999-2006 Intel Corporation.
[    1.730315] Fusion MPT base driver 3.04.20
[    1.732100] Copyright (c) 1999-2008 LSI Corporation
[    1.749612] Fusion MPT SPI Host driver 3.04.20
[    1.768087] AVX2 version of gcm_enc/dec engaged.
[    1.770132] AES CTR mode by8 optimization enabled
[    1.955417] input: ImExPS/2 Generic Explorer Mouse as /devices/platform/i8042/serio1/input/input4
[    2.161232] e1000 0000:00:03.0 eth0: (PCI:33MHz:32-bit) 02:0e:9b:2d:5b:92
[    2.163826] e1000 0000:00:03.0 eth0: Intel(R) PRO/1000 Network Connection
[    2.593990] e1000 0000:00:08.0 eth1: (PCI:33MHz:32-bit) 08:00:27:7d:72:a3
[    2.595013] e1000 0000:00:08.0 eth1: Intel(R) PRO/1000 Network Connection
[    2.597066] e1000 0000:00:03.0 enp0s3: renamed from eth0
[    2.598924] mptbase: ioc0: Initiating bringup
[    2.618018] e1000 0000:00:08.0 enp0s8: renamed from eth1
[    2.666430] ioc0: LSI53C1030 A0: Capabilities={Initiator}
[    2.841218] scsi host2: ioc0: LSI53C1030 A0, FwRev=00000000h, Ports=1, MaxQ=256, IRQ=20
[    2.958527] scsi 2:0:0:0: Direct-Access     VBOX     HARDDISK         1.0  PQ: 0 ANSI: 5
[    2.964278] scsi target2:0:0: Beginning Domain Validation
[    2.974955] scsi target2:0:0: Domain Validation skipping write tests
[    2.979103] scsi target2:0:0: Ending Domain Validation
[    2.982825] scsi target2:0:0: asynchronous
[    2.987982] scsi 2:0:1:0: Direct-Access     VBOX     HARDDISK         1.0  PQ: 0 ANSI: 5
[    2.993256] scsi target2:0:1: Beginning Domain Validation
[    3.000329] scsi target2:0:1: Domain Validation skipping write tests
[    3.022329] scsi target2:0:1: Ending Domain Validation
[    3.024522] scsi target2:0:1: asynchronous
[    3.043992] sd 2:0:0:0: Attached scsi generic sg0 type 0
[    3.045806] sd 2:0:0:0: [sda] 20971520 512-byte logical blocks: (10.7 GB/10.0 GiB)
[    3.048235] sd 2:0:1:0: Attached scsi generic sg1 type 0
[    3.050264] sd 2:0:1:0: [sdb] 20480 512-byte logical blocks: (10.5 MB/10.0 MiB)
[    3.052406] sd 2:0:0:0: [sda] Write Protect is off
[    3.054130] sd 2:0:0:0: [sda] Incomplete mode parameter data
[    3.055345] sd 2:0:0:0: [sda] Assuming drive cache: write through
[    3.056784] sd 2:0:1:0: [sdb] Write Protect is off
[    3.058438] sd 2:0:1:0: [sdb] Incomplete mode parameter data
[    3.059498] sd 2:0:1:0: [sdb] Assuming drive cache: write through
[    3.106606]  sda: sda1
[    3.113308] sd 2:0:0:0: [sda] Attached SCSI disk
[    3.116914] sd 2:0:1:0: [sdb] Attached SCSI disk
Begin: Loading essential drivers ... [    4.737419] md: linear personality registered for level -1
[    4.743436] md: multipath personality registered for level -4
[    4.749360] md: raid0 personality registered for level 0
[    4.756888] md: raid1 personality registered for level 1
[    4.833674] raid6: sse2x1   gen()  3460 MB/s
[    4.901498] raid6: sse2x1   xor()  2983 MB/s
[    4.969814] raid6: sse2x2   gen()  6295 MB/s
[    5.037277] raid6: sse2x2   xor()  4189 MB/s
[    5.105820] raid6: sse2x4   gen()  6985 MB/s
[    5.173337] raid6: sse2x4   xor()  4333 MB/s
[    5.241668] raid6: avx2x1   gen()  9140 MB/s
[    5.309988] raid6: avx2x2   gen() 12162 MB/s
[    5.377943] raid6: avx2x4   gen() 12870 MB/s
[    5.379630] raid6: using algorithm avx2x4 gen() 12870 MB/s
[    5.381804] raid6: using avx2x2 recovery algorithm
[    5.385972] xor: automatically using best checksumming function:
[    5.425412]    avx       : 10944.000 MB/sec
[    5.429246] async_tx: api initialized (async)
[    5.449547] md: raid6 personality registered for level 6
[    5.451629] md: raid5 personality registered for level 5
[    5.453606] md: raid4 personality registered for level 4
[    5.466615] md: raid10 personality registered for level 10
done.
Begin: Running /scripts/init-premount ... done.
Begin: Mounting root file system ... Begin: Running /scripts/local-top ... done.
Begin: Running /scripts/local-premount ... [    5.518339] Btrfs loaded
Scanning for Btrfs filesystems
done.
Warning: fsck not present, so skipping root file system
[    5.639619] EXT4-fs (sda1): mounted filesystem with ordered data mode. Opts: (null)
done.
Begin: Running /scripts/local-bottom ... done.
Begin: Running /scripts/init-bottom ... done.
[    5.777332] systemd[1]: systemd 229 running in system mode. (+PAM +AUDIT +SELINUX +IMA +APPARMOR +SMACK +SYSVINIT +UTMP +LIBCRYPTSETUP +GCRYPT +GNUTLS +ACL +XZ -LZ4 +SECCOMP +BLKID +ELFUTILS +KMOD -IDN)
[    5.780344] systemd[1]: Detected virtualization oracle.
[    5.781485] systemd[1]: Detected architecture x86-64.

Welcome to [1mUbuntu 16.04.6 LTS[0m!

[    5.785101] systemd[1]: Set hostname to <ubuntu-xenial>.
[    6.000396] systemd[1]: Listening on Device-mapper event daemon FIFOs.
[[0;32m  OK  [0m] Listening on Device-mapper event daemon FIFOs.
[    6.004523] systemd[1]: Set up automount Arbitrary Executable File Formats File System Automount Point.
[[0;32m  OK  [0m] Set up automount Arbitrary Executab...ats File System Automount Point.
[    6.017547] systemd[1]: Reached target Encrypted Volumes.
[[0;32m  OK  [0m] Reached target Encrypted Volumes.
[    6.025621] systemd[1]: Started Trigger resolvconf update for networkd DNS.
[[0;32m  OK  [0m] Started Trigger resolvconf update for networkd DNS.
[    6.029919] systemd[1]: Started Forward Password Requests to Wall Directory Watch.
[[0;32m  OK  [0m] Started Forward Password Requests to Wall Directory Watch.
[    6.034524] systemd[1]: Reached target System Time Synchronized.
[[0;32m  OK  [0m] Reached target System Time Synchronized.
[    6.045590] systemd[1]: Listening on Syslog Socket.
[[0;32m  OK  [0m] Listening on Syslog Socket.
[    6.048542] systemd[1]: Listening on udev Control Socket.
[[0;32m  OK  [0m] Listening on udev Control Socket.
[    6.057864] systemd[1]: Listening on Journal Audit Socket.
[[0;32m  OK  [0m] Listening on Journal Audit Socket.
[    6.061351] systemd[1]: Listening on /dev/initctl Compatibility Named Pipe.
[[0;32m  OK  [0m] Listening on /dev/initctl Compatibility Named Pipe.
[    6.069676] systemd[1]: Reached target Swap.
[[0;32m  OK  [0m] Reached target Swap.
[    6.072593] systemd[1]: Listening on udev Kernel Socket.
[[0;32m  OK  [0m] Listening on udev Kernel Socket.
[    6.082120] systemd[1]: Created slice User and Session Slice.
[[0;32m  OK  [0m] Created slice User and Session Slice.
[    6.094636] systemd[1]: Created slice System Slice.
[[0;32m  OK  [0m] Created slice System Slice.
[    6.097937] systemd[1]: Created slice system-serial\x2dgetty.slice.
[[0;32m  OK  [0m] Created slice system-serial\x2dgetty.slice.
[    6.101754] systemd[1]: Reached target Slices.
[[0;32m  OK  [0m] Reached target Slices.
[    6.104602] systemd[1]: Listening on Journal Socket.
[[0;32m  OK  [0m] Listening on Journal Socket.
[    6.178336] systemd[1]: Starting Load Kernel Modules...
         Starting Load Kernel Modules...
[    6.186239] systemd[1]: Mounting Debug File System...
         Mounting Debug File System...
[    6.194476] systemd[1]: Mounting POSIX Message Queue File System...
         Mounting POSIX Message Queue File System...
[    6.207453] systemd[1]: Starting Set console keymap...
[    6.210478] Loading iSCSI transport class v2.0-870.
         Starting Set console keymap...
[    6.215837] systemd[1]: Starting Remount Root and Kernel File Systems...
         Starting Remount Root and Kernel File Systems...
[    6.221560] systemd[1]: Starting Create list of required static device nodes for the current kernel...
         Starting Create list of required st... nodes for the current kernel...
[    6.226693] EXT4-fs (sda1): re-mounted. Opts: (null)
[    6.227123] systemd[1]: Mounting Huge Pages File System...
         Mounting Huge Pages File System...
[    6.232310] systemd[1]: Starting Nameserver information manager...
         Starting Nameserver information manager...
[    6.237984] systemd[1]: Starting Uncomplicated firewall...
         Starting Uncomplicated firewall...
[    6.242637] iscsi: registered transport (tcp)
[    6.245633] systemd[1]: Listening on LVM2 metadata daemon socket.
[[0;32m  OK  [0m] Listening on LVM2 metadata daemon socket.
[    6.249717] systemd[1]: Starting Monitoring of LVM2 mirrors, snapshots etc. using dmeventd or progress polling...
         Starting Monitoring of LVM2 mirrors... dmeventd or progress polling...
[    6.266353] systemd[1]: Reached target User and Group Name Lookups.
[[0;32m  OK  [0m] Reached target User and Group Name Lookups.
[    6.269559] systemd[1]: Listening on Journal Socket (/dev/log).
[[0;32m  OK  [0m] Listening on Journal Socket (/dev/log).
[    6.273781] systemd[1]: Starting Journal Service...
         Starting Journal Service...
[    6.277800] systemd[1]: Listening on LVM2 poll daemon socket.
[[0;32m  OK  [0m] Listening on LVM2 poll daemon socket.
[    6.283549] systemd[1]: Mounted POSIX Message Queue File System.
[[0;32m  OK  [0m] Mounted POSIX Message Queue File System.
[    6.285864] systemd[1]: Mounted Debug File System.
[[0;32m  OK  [0m] Mounted Debug File System.
[    6.288083] systemd[1]: Mounted Huge Pages File System.
[[0;32m  OK  [0m] Mounted Huge Pages File System.
[    6.291513] systemd[1]: Started Set console keymap.
[[0;32m  OK  [0m] Started Set console keymap.
[    6.295064] systemd[1]: Started Remount Root and Kernel File Systems.
[[0;32m  OK  [0m] Started Remount Root and Kernel File Systems.
[    6.302327] systemd[1]: Started Create list of required static device nodes for the current kernel.
[[0;32m  OK  [0m] Started Create list of required sta...ce nodes for the current kernel.
[    6.309808] systemd[1]: Started Uncomplicated firewall.
[[0;32m  OK  [0m] Started Uncomplicated firewall.
[    6.318384] systemd[1]: Started Nameserver information manager.
[[0;32m  OK  [0m] Started Nameserver information manager.
[    6.323763] iscsi: registered transport (iser)
[    6.326304] systemd[1]: Started Load Kernel Modules.
[[0;32m  OK  [0m] Started Load Kernel Modules.
[    6.330342] systemd[1]: Started Journal Service.
[[0;32m  OK  [0m] Started Journal Service.
[[0;32m  OK  [0m] Started LVM2 metadata daemon.
         Mounting FUSE Control File System...
         Starting Apply Kernel Variables...
         Starting Create Static Device Nodes in /dev...
         Starting Load/Save Random Seed...
         Starting udev Coldplug all Devices...
         Starting Flush Journal to Persistent Storage...
[[0;32m  OK  [0m] Mounted FUSE Control File System.
[[0;32m  OK  [0m] Started Apply Kernel Variables.
[[0;32m  OK  [0m] Started Create Static Device Nodes in /dev.
[[0;32m  OK  [0m] Started Load/Save Random Seed.
[[0;32m  OK  [0m] Started udev Coldplug all Devices.
[[0;32m  OK  [0m] Started Flush Journal to Persistent Storage.
         Starting udev Kernel Device Manager...
[[0;32m  OK  [0m] Started udev Kernel Device Manager.
[[0;32m  OK  [0m] Started Dispatch Password Requests to Console Directory Watch.
[[0;32m  OK  [0m] Started Monitoring of LVM2 mirrors,...ng dmeventd or progress polling.
[[0;32m  OK  [0m] Found device /dev/ttyS0.
[[0;32m  OK  [0m] Reached target Local File Systems (Pre).
[[0;32m  OK  [0m] Reached target Local File Systems.
         Starting Create Volatile Files and Directories...
         Starting Tell Plymouth To Write Out Runtime Data...
         Starting Initial cloud-init job (pre-networking)...
         Starting LSB: AppArmor initialization...
         Starting Set console font and keymap...
[[0;32m  OK  [0m] Started Create Volatile Files and Directories.
[[0;32m  OK  [0m] Started Tell Plymouth To Write Out Runtime Data.
[[0;32m  OK  [0m] Listening on Load/Save RF Kill Switch Status /dev/rfkill Watch.
         Starting Update UTMP about System Boot/Shutdown...
[[0;32m  OK  [0m] Started Update UTMP about System Boot/Shutdown.
[[0;32m  OK  [0m] Started LSB: AppArmor initialization.
[[0;32m  OK  [0m] Found device 82540EM Gigabit Ethern...r (PRO/1000 MT Desktop Adapter).
[[0;32m  OK  [0m] Found device 82540EM Gigabit Ethern...r (PRO/1000 MT Desktop Adapter).
[    7.556453] cloud-init[535]: Cloud-init v. 19.2-36-g059d049c-0ubuntu1~16.04.1 running 'init-local' at Wed, 09 Oct 2019 13:02:06 +0000. Up 7.17 seconds.
[[0;32m  OK  [0m] Started Initial cloud-init job (pre-networking).
[[0;32m  OK  [0m] Reached target Network (Pre).
[[0;32m  OK  [0m] Started ifup for enp0s8.
[[0;32m  OK  [0m] Started ifup for enp0s3.
         Starting Raise network interfaces...
[[0;32m  OK  [0m] Started Set console font and keymap.
[[0;32m  OK  [0m] Created slice system-getty.slice.
[[0;32m  OK  [0m] Started Raise network interfaces.
         Starting Initial cloud-init job (metadata service crawler)...
[[0;32m  OK  [0m] Reached target Network.
[    9.102259] cloud-init[1076]: Cloud-init v. 19.2-36-g059d049c-0ubuntu1~16.04.1 running 'init' at Wed, 09 Oct 2019 13:02:08 +0000. Up 8.60 seconds.
[    9.104683] cloud-init[1076]: ci-info: ++++++++++++++++++++++++++++++++++++++Net device info+++++++++++++++++++++++++++++++++++++++
[    9.106593] cloud-init[1076]: ci-info: +--------+------+-----------------------------+---------------+--------+-------------------+
[    9.116673] cloud-init[1076]: ci-info: | Device |  Up  |           Address           |      Mask     | Scope  |     Hw-Address    |
[    9.118738] cloud-init[1076]: ci-info: +--------+------+-----------------------------+---------------+--------+-------------------+
[    9.120729] cloud-init[1076]: ci-info: | enp0s3 | True |          10.0.2.15          | 255.255.255.0 | global | 02:0e:9b:2d:5b:92 |
[    9.122920] cloud-init[1076]: ci-info: | enp0s3 | True |  fe80::e:9bff:fe2d:5b92/64  |       .       |  link  | 02:0e:9b:2d:5b:92 |
[    9.124830] cloud-init[1076]: ci-info: | enp0s8 | True |        192.168.10.100       | 255.255.255.0 | global | 08:00:27:7d:72:a3 |
[    9.126891] cloud-init[1076]: ci-info: | enp0s8 | True | fe80::a00:27ff:fe7d:72a3/64 |       .       |  link  | 08:00:27:7d:72:a3 |
[    9.128717] cloud-init[1076]: ci-info: |   lo   | True |          127.0.0.1          |   255.0.0.0   |  host  |         .         |
[    9.136596] cloud-init[1076]: ci-info: |   lo   | True |           ::1/128           |       .       |  host  |         .         |
[    9.138556] cloud-init[1076]: ci-info: +--------+------+-----------------------------+---------------+--------+-------------------+
[    9.140495] cloud-init[1076]: ci-info: ++++++++++++++++++++++++++++Route IPv4 info++++++++++++++++++++++++++++
[    9.142283] cloud-init[1076]: ci-info: +-------+--------------+----------+---------------+-----------+-------+
[    9.143955] cloud-init[1076]: ci-info: | Route | Destination  | Gateway  |    Genmask    | Interface | Flags |
[    9.145676] cloud-init[1076]: ci-info: +-------+--------------+----------+---------------+-----------+-------+
[    9.152729] cloud-init[1076]: ci-info: |   0   |   0.0.0.0    | 10.0.2.2 |    0.0.0.0    |   enp0s3  |   UG  |
[    9.154540] cloud-init[1076]: ci-info: |   1   |   10.0.2.0   | 0.0.0.0  | 255.255.255.0 |   enp0s3  |   U   |
[    9.156321] cloud-init[1076]: ci-info: |   2   | 192.168.10.0 | 0.0.0.0  | 255.255.255.0 |   enp0s8  |   U   |
[[0;32m  OK  [0m] Started Initial cloud-init job (metadata service crawler).
[[0;32m  OK  [0m] Reached target Network is Online.
[    9.160126] cloud-init[1076]: ci-info: +-------+--------------+----------+---------------+-----------+-------+
[    9.177134] cloud-init[1076]: ci-info: +++++++++++++++++++Route IPv6 info+++++++++++++++++++
[    9.178839] cloud-init[1076]: ci-info: +-------+-------------+---------+-----------+-------+
[    9.180568] cloud-init[1076]: ci-info: | Route | Destination | Gateway | Interface | Flags |
[    9.182078] cloud-init[1076]: ci-info: +-------+-------------+---------+-----------+-------+
[    9.188555] cloud-init[1076]: ci-info: |   0   |  fe80::/64  |    ::   |   enp0s8  |   U   |
[    9.188890] cloud-init[1076]: ci-info: |   1   |  fe80::/64  |    ::   |   enp0s3  |   U   |
         Starting iSCSI initiator daemon (iscsid)...
[    9.188984] cloud-init[1076]: ci-info: |   4   |   ff00::/8  |    ::   |   enp0s8  |   U   |
[    9.189097] cloud-init[1076]: ci-info: |   5   |   ff00::/8  |    ::   |   enp0s3  |   U   |
[    9.189440] cloud-init[1076]: ci-info: +-------+-------------+---------+-----------+-------+
[[0;32m  OK  [0m] Reached target Cloud-config availability.
[[0;32m  OK  [0m] Reached target System Initialization.
[[0;32m  OK  [0m] Listening on D-Bus System Message Bus Socket.
[[0;32m  OK  [0m] Started Daily Cleanup of Temporary Directories.
         Starting Socket activation for snappy daemon.
[[0;32m  OK  [0m] Started Daily apt download activities.
[[0;32m  OK  [0m] Started Daily apt upgrade and clean activities.
[[0;32m  OK  [0m] Reached target Timers.
[[0;32m  OK  [0m] Started ACPI Events Check.
[[0;32m  OK  [0m] Reached target Paths.
[[0;32m  OK  [0m] Listening on ACPID Listen Socket.
[[0;32m  OK  [0m] Listening on UUID daemon activation socket.
         Starting LXD - unix socket.
[[0;32m  OK  [0m] Listening on Socket activation for snappy daemon.
[[0;32m  OK  [0m] Listening on LXD - unix socket.
[[0;32m  OK  [0m] Started iSCSI initiator daemon (iscsid).
         Starting Login to default iSCSI targets...
[[0;32m  OK  [0m] Reached target Sockets.
[[0;32m  OK  [0m] Reached target Basic System.
[[0;32m  OK  [0m] Started FUSE filesystem for LXC.
         Starting System Logging Service...
         Starting LSB: Record successful boot for GRUB...
[[0;32m  OK  [0m] Started Regular background program processing daemon.
[[0;32m  OK  [0m] Started D-Bus System Message Bus.
         Starting OpenBSD Secure Shell server...
         Starting /etc/rc.local Compatibility...
         Starting LSB: MD monitoring daemon...
[[0;32m  OK  [0m] Started ACPI event daemon.
         Starting LXD - container startup/shutdown...
         Starting A high performance web server and a reverse proxy server...
         Starting Virtualbox guest utils...
         Starting Login Service...
         Starting Accounts Service...
[[0;32m  OK  [0m] Started Deferred execution scheduler.
         Starting Snappy daemon...
[[0;32m  OK  [0m] Started System Logging Service.
[[0;32m  OK  [0m] Started /etc/rc.local Compatibility.
[[0;32m  OK  [0m] Started LSB: Record successful boot for GRUB.
[[0;32m  OK  [0m] Started Login to default iSCSI targets.
[[0;32m  OK  [0m] Started OpenBSD Secure Shell server.
[[0;32m  OK  [0m] Started LSB: MD monitoring daemon.
[[0;32m  OK  [0m] Started A high performance web server and a reverse proxy server.
[[0;32m  OK  [0m] Started Login Service.
[[0;32m  OK  [0m] Started Unattended Upgrades Shutdown.
         Starting Authenticate and Authorize Users to Run Privileged Tasks...
[[0;32m  OK  [0m] Reached target Remote File Systems (Pre).
[[0;32m  OK  [0m] Reached target Remote File Systems.
         Starting Permit User Sessions...
         Starting LSB: automatic crash report generation...
         Starting LSB: Set the CPU Frequency Scaling governor to "ondemand"...
         Starting LSB: daemon to balance interrupts for SMP systems...
[[0;32m  OK  [0m] Started LXD - container startup/shutdown.
[[0;32m  OK  [0m] Started Permit User Sessions.
[[0;32m  OK  [0m] Started Authenticate and Authorize Users to Run Privileged Tasks.
[[0;32m  OK  [0m] Started Accounts Service.
         Starting Terminate Plymouth Boot Screen...
         Starting Hold until boot process finishes up...
[[0;32m  OK  [0m] Started Virtualbox guest utils.
[[0;32m  OK  [0m] Started LSB: automatic crash report generation.
[[0;32m  OK  [0m] Started Terminate Plymouth Boot Screen.
[[0;32m  OK  [0m] Started Hold until boot process finishes up.
         Starting Set console scheme...
[[0;32m  OK  [0m] Started Serial Getty on ttyS0.
[[0;32m  OK  [0m] Started Getty on tty1.
[[0;32m  OK  [0m] Reached target Login Prompts.
[[0;32m  OK  [0m] Started LSB: Set the CPU Frequency Scaling governor to "ondemand".
[[0;32m  OK  [0m] Started LSB: daemon to balance interrupts for SMP systems.
[[0;32m  OK  [0m] Started Set console scheme.
[[0;32m  OK  [0m] Started Snappy daemon.
         Starting Wait until snapd is fully seeded...
[[0;32m  OK  [0m] Started Wait until snapd is fully seeded.
[[0;32m  OK  [0m] Reached target Multi-User System.
[[0;32m  OK  [0m] Reached target Graphical Interface.
         Starting Update UTMP about System Runlevel Changes...
         Starting Apply the settings specified in cloud-config...
[[0;32m  OK  [0m] Started Update UTMP about System Runlevel Changes.
[   10.398144] cloud-init[1349]: Cloud-init v. 19.2-36-g059d049c-0ubuntu1~16.04.1 running 'modules:config' at Wed, 09 Oct 2019 13:02:09 +0000. Up 10.26 seconds.
[[0;32m  OK  [0m] Started Apply the settings specified in cloud-config.
         Starting Execute cloud user/final scripts...
[   11.008938] cloud-init[1358]: Cloud-init v. 19.2-36-g059d049c-0ubuntu1~16.04.1 running 'modules:final' at Wed, 09 Oct 2019 13:02:10 +0000. Up 10.86 seconds.
[   11.010507] cloud-init[1358]: Cloud-init v. 19.2-36-g059d049c-0ubuntu1~16.04.1 finished at Wed, 09 Oct 2019 13:02:10 +0000. Datasource DataSourceNoCloud [seed=/dev/sdb][dsmode=net].  Up 11.00 seconds
[[0;32m  OK  [0m] Started Execute cloud user/final scripts.
[[0;32m  OK  [0m] Reached target Cloud-init target.

Ubuntu 16.04.6 LTS ubuntu-xenial ttyS0

ubuntu-xenial login: 